
> whser@0.1.0 build
> next build

Γû▓ Next.js 16.1.4 (Turbopack)
- Environments: .env.local

  Creating an optimized production build ...
Γ£ô Compiled successfully in 4.9s
  Running TypeScript ...
node.exe : Failed to compile.
At C:\Program 
Files\nodejs\npm.ps1:29 char:3
+   & $NODE_EXE $NPM_CLI_JS $args
+   ~~~~~~~~~~~~~~~~~~~~~~~~~~~~~
    + CategoryInfo          : No 
   tSpecified: (Failed to compi  
  le.:String) [], RemoteExcept   
 ion
    + FullyQualifiedErrorId : Na 
   tiveCommandError
 

.next/dev/types/validator.ts:522:
31
Type error: Type 'typeof import("
D:/toni/cloningRepo/whser/src/app
/api/orders/[id]/status/route")' 
does not satisfy the constraint '
RouteHandlerConfig<"/api/orders/[
id]/status">'.
  Types of property 'PATCH' are 
incompatible.
    Type '(request: NextRequest, 
{ params }: { params: { id: 
string; }; }) => Promise<NextResp
onse<ApiResponse<any>>>' is not 
assignable to type '(request: 
NextRequest, context: { params: 
Promise<{ id: string; }>; }) => 
void | Response | Promise<void | 
Response>'.
      Types of parameters '__1' 
and 'context' are incompatible.
        Type '{ params: 
Promise<{ id: string; }>; }' is 
not assignable to type '{ 
params: { id: string; }; }'.
          Types of property 
'params' are incompatible.
            Property 'id' is 
missing in type 'Promise<{ id: 
string; }>' but required in type 
'{ id: string; }'.

[0m [90m 520 |[39m   type __Is
Expected[33m<[39m[33mSpecific
[39m [36mextends[39m [33mRoute
HandlerConfig[39m[33m<[39m[32
m"/api/orders/[id]/status"[39m[
33m>>[39m [33m=[39m 
[33mSpecific[39m
 [90m 521 |[39m   
[36mconst[39m handler 
[33m=[39m {} [36mas[39m 
[36mtypeof[39m [36mimport[39m
([32m"../../../src/app/api/order
s/[id]/status/route.js"[39m)
[31m[1m>[22m[39m[90m 522 
|[39m   type __Check 
[33m=[39m __IsExpected[33m<[3
9m[36mtypeof[39m 
handler[33m>[39m
 [90m     |[39m                
               
[31m[1m^[22m[39m
 [90m 523 |[39m   [90m// 
@ts-ignore[39m
 [90m 524 |[39m   type 
__Unused [33m=[39m __Check
 [90m 525 |[39m }[0m
Next.js build worker exited with 
code: 1 and signal: null
