.next/dev/types/validator.ts(504,31): error TS2344: Type 'typeof import("D:/toni/cloningRepo/whser/src/app/api/orders/[id]/status/route")' does not satisfy the constraint 'RouteHandlerConfig<"/api/orders/[id]/status">'.
  Types of property 'PATCH' are incompatible.
    Type '(request: NextRequest, { params }: { params: { id: string; }; }) => Promise<NextResponse<ApiResponse<any>>>' is not assignable to type '(request: NextRequest, context: { params: Promise<{ id: string; }>; }) => void | Response | Promise<void | Response>'.
      Types of parameters '__1' and 'context' are incompatible.
        Type '{ params: Promise<{ id: string; }>; }' is not assignable to type '{ params: { id: string; }; }'.
          Types of property 'params' are incompatible.
            Property 'id' is missing in type 'Promise<{ id: string; }>' but required in type '{ id: string; }'.
.next/dev/types/validator.ts(558,31): error TS2344: Type 'typeof import("D:/toni/cloningRepo/whser/src/app/api/services/[id]/processes/route")' does not satisfy the constraint 'RouteHandlerConfig<"/api/services/[id]/processes">'.
  Types of property 'GET' are incompatible.
    Type '(request: NextRequest, { params }: { params: { id: string; }; }) => Promise<NextResponse<ApiResponse<any>>>' is not assignable to type '(request: NextRequest, context: { params: Promise<{ id: string; }>; }) => void | Response | Promise<void | Response>'.
      Types of parameters '__1' and 'context' are incompatible.
        Type '{ params: Promise<{ id: string; }>; }' is not assignable to type '{ params: { id: string; }; }'.
          Types of property 'params' are incompatible.
            Property 'id' is missing in type 'Promise<{ id: string; }>' but required in type '{ id: string; }'.
.next/types/validator.ts(504,31): error TS2344: Type 'typeof import("D:/toni/cloningRepo/whser/src/app/api/orders/[id]/status/route")' does not satisfy the constraint 'RouteHandlerConfig<"/api/orders/[id]/status">'.
  Types of property 'PATCH' are incompatible.
    Type '(request: NextRequest, { params }: { params: { id: string; }; }) => Promise<NextResponse<ApiResponse<any>>>' is not assignable to type '(request: NextRequest, context: { params: Promise<{ id: string; }>; }) => void | Response | Promise<void | Response>'.
      Types of parameters '__1' and 'context' are incompatible.
        Type '{ params: Promise<{ id: string; }>; }' is not assignable to type '{ params: { id: string; }; }'.
          Types of property 'params' are incompatible.
            Property 'id' is missing in type 'Promise<{ id: string; }>' but required in type '{ id: string; }'.
.next/types/validator.ts(558,31): error TS2344: Type 'typeof import("D:/toni/cloningRepo/whser/src/app/api/services/[id]/processes/route")' does not satisfy the constraint 'RouteHandlerConfig<"/api/services/[id]/processes">'.
  Types of property 'GET' are incompatible.
    Type '(request: NextRequest, { params }: { params: { id: string; }; }) => Promise<NextResponse<ApiResponse<any>>>' is not assignable to type '(request: NextRequest, context: { params: Promise<{ id: string; }>; }) => void | Response | Promise<void | Response>'.
      Types of parameters '__1' and 'context' are incompatible.
        Type '{ params: Promise<{ id: string; }>; }' is not assignable to type '{ params: { id: string; }; }'.
          Types of property 'params' are incompatible.
            Property 'id' is missing in type 'Promise<{ id: string; }>' but required in type '{ id: string; }'.
src/app/api/orders/[id]/route.ts(121,32): error TS2304: Cannot find name 'pool'.
src/app/api/orders/[id]/route.ts(121,43): error TS2304: Cannot find name 'RowDataPacket'.
src/app/api/orders/[id]/route.ts(156,15): error TS2304: Cannot find name 'pool'.
src/components/customer/CustomerLoyaltyCard.tsx(5,10): error TS2305: Module '"@/lib/utils"' has no exported member 'formatCurrency'.
